// Jest Snapshot v1, https://goo.gl/fbAQLP

exports[`Testing of SideSection Component rendering SideNavItems correctly 1`] = `
<ul
  className="sideMenu"
>
  <li
    data-id={1}
    onClick={[Function]}
  >
    <a
      className="selectedLink"
      href="/"
      onClick={[Function]}
    >
      <svg
        height={26}
        id="Capa_1"
        viewBox="0 0 490 490"
        width={26}
        xmlns="http://www.w3.org/2000/svg"
      >
        <g
          fill="ltfontcolor"
        >
          <path
            d="M466.032,367.5v-245L245,0L23.968,122.5v245L245,490L466.032,367.5z M118.865,175.094L245,105.188l126.136,69.906v139.813 L245,384.813l-126.135-69.906V175.094z"
          />
          <polygon
            points="331.299,292.828 331.299,197.172 245,149.343 158.701,197.172 158.701,292.828 245,340.657"
          />
        </g>
      </svg>
      <span>
        Nav Item 1
      </span>
    </a>
  </li>
  <li
    data-id={2}
    onClick={[Function]}
  >
    <a
      href="/launchpad"
      onClick={[Function]}
    >
      <svg
        height={26}
        id="Capa_1"
        viewBox="0 0 52.371 52.37"
        width={26}
        xmlns="http://www.w3.org/2000/svg"
      >
        <g
          fill="ltfontdull"
        >
          <path
            d="M26.185,0c0,0-10.073,7.816-10.073,27.016c0,12.314,3.724,20.015,8.573,21.33V35.951c0-0.828,0.671-1.5,1.5-1.5 c0.829,0,1.5,0.672,1.5,1.5v12.395c4.849-1.315,8.572-9.016,8.572-21.33C36.257,7.594,26.185,0,26.185,0z M26.066,14.818 c-1.729,0-3.418-0.155-4.914-0.438c1.465-4.721,3.531-7.901,5.051-9.761c1.516,1.837,3.571,4.989,5.026,9.715 C29.677,14.648,27.896,14.818,26.066,14.818z"
          />
          <path
            d="M13.408,35.504c-3.007,0-5.444,2.081-5.444,4.648V52.37l9.862-7.296c-1.463-2.496-2.556-5.737-3.201-9.57H13.408z"
          />
          <path
            d="M38.96,35.504h-1.216c-0.646,3.833-1.738,7.074-3.201,9.57l9.862,7.296V40.152C44.405,37.585,41.968,35.504,38.96,35.504 z"
          />
        </g>
      </svg>
      <span>
        Nav Item 2
      </span>
    </a>
  </li>
</ul>
`;
